====================================================================================================
过拟合 / 样本外检验  (沪深300 · 真实行情+基本面 · 含交易成本)
====================================================================================================

[1] 训练窗口 2023 网格搜索 (样本内)
  base       top_n=5 -> 收益 -5.07% 夏普 -0.35 回撤 22.20%
  base       top_n=8 -> 收益 1.00% 夏普 -0.01 回撤 17.04%
  base       top_n=10 -> 收益 -3.23% 夏普 -0.32 回撤 19.03%
  tech_heavy top_n=5 -> 收益 -1.48% 夏普 -0.09 回撤 21.77%
  tech_heavy top_n=8 -> 收益 -7.62% 夏普 -0.43 回撤 20.41%
  tech_heavy top_n=10 -> 收益 -6.84% 夏普 -0.41 回撤 20.23%
  value_heavy top_n=5 -> 收益 -1.22% 夏普 -0.16 回撤 21.02%
  value_heavy top_n=8 -> 收益 -0.83% 夏普 -0.17 回撤 17.90%
  value_heavy top_n=10 -> 收益 2.08% 夏普 0.02 回撤 16.37%
  even       top_n=5 -> 收益 -0.11% 夏普 -0.06 回撤 21.32%
  even       top_n=8 -> 收益 -6.17% 夏普 -0.47 回撤 20.78%
  even       top_n=10 -> 收益 -7.06% 夏普 -0.57 回撤 20.36%
  momentum   top_n=5 -> 收益 -1.92% 夏普 -0.07 回撤 21.39%
  momentum   top_n=8 -> 收益 -6.49% 夏普 -0.36 回撤 21.75%
  momentum   top_n=10 -> 收益 -2.73% 夏普 -0.18 回撤 17.18%
  sent_low   top_n=5 -> 收益 -4.17% 夏普 -0.33 回撤 22.15%
  sent_low   top_n=8 -> 收益 2.32% 夏普 0.07 回撤 18.41%
  sent_low   top_n=10 -> 收益 2.07% 夏普 0.04 回撤 15.51%

  2023 训练冠军: sent_low top_n=8 -> 夏普 0.07 收益 2.32% 回撤 18.41%

[2] 稳定性矩阵 (各预设 top_n=5, freq=20)
  base       | 2023 收益 -5.07% 夏普 -0.35 | 2024 收益 27.53% 夏普 1.04 | 2年 收益 26.09% 夏普 0.55
  tech_heavy | 2023 收益 -1.48% 夏普 -0.09 | 2024 收益 0.97% 夏普 0.02 | 2年 收益 16.47% 夏普 0.33
  value_heavy | 2023 收益 -1.22% 夏普 -0.16 | 2024 收益 28.00% 夏普 1.08 | 2年 收益 -3.66% 夏普 -0.34
  even       | 2023 收益 -0.11% 夏普 -0.06 | 2024 收益 4.18% 夏普 0.17 | 2年 收益 25.28% 夏普 0.54
  momentum   | 2023 收益 -1.92% 夏普 -0.07 | 2024 收益 33.89% 夏普 1.21 | 2年 收益 11.05% 夏普 0.22
  sent_low   | 2023 收益 -4.17% 夏普 -0.33 | 2024 收益 43.33% 夏普 1.49 | 2年 收益 -6.86% 夏普 -0.45

  2 年全样本夏普冠军: base (夏普 0.55, 收益 26.09%)
  两年均正收益的预设: []

[3] 样本外测试 2024 (候选配置对比)
  train_champion(2023冠军)         -> 收益 32.43% 夏普 1.35 回撤 15.40% 胜率 56.67%
  sent_low(2024样本内冠军)            -> 收益 43.33% 夏普 1.49 回撤 17.48% 胜率 54.24%
  even(近等权鲁棒)                    -> 收益 4.18% 夏普 0.17 回撤 20.42% 胜率 41.67%
  base(2年冠军)                     -> 收益 27.53% 夏普 1.04 回撤 19.64% 胜率 55.00%

[4] 结论
  - 2023 训练冠军 = sent_low (top_n=8)
      样本内 2023 夏普 0.07 / 收益 2.32%
      样本外 2024 夏普 1.35 / 收益 32.43% (OOS 夏普衰减 -1.28)
  - 对比：2024 样本内冠军 sent_low 在 2024 = 夏普 1.49 / 收益 43.33%
  - 近等权 even 在 2024 = 夏普 0.17 / 收益 4.18%
  - 冠军样本外仍盈利 (32.43%)，但夏普从 0.07 降至 1.35 —— 存在过拟合衰减但不致命，可作为候选之一。
  - 推荐生产默认: 优先 base (2年全样本最稳) 或 even (近等权、历次实验稳定居前)；避免使用单年冠军直接上线。